Name: unnamed  0	  Convention: customconvention2	  Purpose: custompurpose2	

Custom1	Custom2	Custom3	
